// Jest Snapshot v1, https://goo.gl/fbAQLP

exports[`Badge component Matches the snapshot 1`] = `
<div
  className="badgeWrapperVisible"
>
  <button
    className="badgeClose"
    data-testid="close-button"
    onClick={[Function]}
  >
    ×
  </button>
  <div
    className="badgeIcon"
  />
  test
</div>
`;
