// Jest Snapshot v1, https://goo.gl/fbAQLP

exports[`Select components Basic expanded select snapshot 1`] = `
<div>
  <div
    class="select valueSelected menuOpened"
  >
    <div
      class="fieldset"
    >
      <label
        class="label"
      >
        Basic select
      </label>
      <div
        class="controls"
        data-testid="select-controls"
      >
        <div
          class="value"
        >
          New
        </div>
        <div
          class="controls valueSelected menuOpened"
        >
          
          <div
            class="arrowContainer"
          >
            <div
              class="arrow"
            />
          </div>
        </div>
      </div>
      <div
        class="menu"
        style="opacity: 0;"
      >
        <div
          class="option focusedOption"
          index="0"
        >
          Top
        </div>
        <div
          class="option selectedOption"
          index="1"
        >
          New
        </div>
        <div
          class="option"
          index="2"
        >
          Old
        </div>
      </div>
    </div>
  </div>
</div>
`;
