// Jest Snapshot v1, https://goo.gl/fbAQLP

exports[`Select component Matches the snapshot 1`] = `
<div>
  <div
    className=" css-1n3r0gh-container"
    onKeyDown={[Function]}
  >
    <span
      className="css-1f43avz-a11yText-A11yText"
      id="react-select-2-live-region"
    />
    <span
      aria-atomic="false"
      aria-live="polite"
      aria-relevant="additions text"
      className="css-1f43avz-a11yText-A11yText"
    />
    <div
      className=" css-1jhmgce-control"
      onMouseDown={[Function]}
      onTouchEnd={[Function]}
    >
      <div
        className=" css-319lph-ValueContainer"
      >
        <div
          className=" css-14el2xx-placeholder"
          id="react-select-2-placeholder"
        >
          Select...
        </div>
        <input
          aria-autocomplete="list"
          aria-describedby="react-select-2-placeholder"
          aria-expanded={false}
          aria-haspopup={true}
          aria-readonly={true}
          className="css-mohuvp-dummyInput-DummyInput"
          disabled={false}
          id="react-select-2-input"
          inputMode="none"
          onBlur={[Function]}
          onChange={[Function]}
          onFocus={[Function]}
          role="combobox"
          tabIndex={0}
          value=""
        />
      </div>
      <div
        className=" css-1hb7zxy-IndicatorsContainer"
      >
        <span
          className=" css-43ykx9-indicatorSeparator"
        />
        <div
          aria-hidden="true"
          className=" css-tlfecz-indicatorContainer"
          onMouseDown={[Function]}
          onTouchEnd={[Function]}
        >
          <div
            className="arrowAnchor"
          />
        </div>
      </div>
    </div>
  </div>
</div>
`;
