// Jest Snapshot v1, https://goo.gl/fbAQLP

exports[`CopyableText component Matches snapshot 1`] = `
<div
  className="copyableWrapper"
>
  <span
    className="text textAlignStart weightRegular sizeNormal colorDefault contentWrapper"
    id="copy-id"
  >
    test
  </span>
  <div
    className="tooltip"
    onClick={[Function]}
  >
    <div
      className="tooltipContent right"
    >
      Copy to clipboard
    </div>
    <svg
      className="copyToClipboard"
      height="16"
      onClick={[Function]}
      viewBox="0 0 450 450"
      width="16"
    >
      <g>
        <path
          d="M328.086 43.8162V121.449H121.617V43.8162H70V431.943H379.703V43.8162H328.086Z"
          fill="var(--color-primary)"
        />
        <path
          d="M150.172 93.7074H299.586V19H150.172V93.7074Z"
          fill="var(--color-primary)"
        />
        <path
          d="M329.823 174.225H119.741V199.174H329.823V174.225Z"
          fill="var(--color-gray-lightest2)"
        />
        <path
          d="M329.823 251.869H119.741V276.817H329.823V251.869Z"
          fill="var(--color-gray-lightest2)"
        />
        <path
          d="M329.823 329.45H119.741V354.399H329.823V329.45Z"
          fill="var(--color-gray-lightest2)"
        />
      </g>
    </svg>
  </div>
</div>
`;
