// Jest Snapshot v1, https://goo.gl/fbAQLP

exports[`NumberInput component Matches the snapshot 1`] = `
<div
  className="textinputWrapper numberInputWrapper withoutLabel"
>
  <input
    className="textinput numberInput"
    id="test"
    placeholder=" "
    type="number"
  />
  
  <div />
  <p
    className="message"
  />
</div>
`;
